git pull origin main --allow-unrelated-histories
git remote -v
git add .
git commit -m "update"
git push https://github.com/LavanyaThangapandiyan/fashion-focus.git















Microsoft Windows [Version 10.0.19045.3155]
(c) Microsoft Corporation. All rights reserved.

C:\Users\lavacon290\eclipse-workspace\FashionFocus>git remote -v
origin  https://github.com/LavanyaThangapandiyan/fashion-focus.git (fetch)
origin  https://github.com/LavanyaThangapandiyan/fashion-focus.git (push)

C:\Users\lavacon290\eclipse-workspace\FashionFocus>git add .

C:\Users\lavacon290\eclipse-workspace\FashionFocus>git status
On branch main
Your branch is ahead of 'origin/main' by 2 commits.
  (use "git push" to publish your local commits)

Changes to be committed:
  (use "git restore --staged <file>..." to unstage)
        deleted:    fashion


C:\Users\lavacon290\eclipse-workspace\FashionFocus>git branch
* main

C:\Users\lavacon290\eclipse-workspace\FashionFocus>git commit -m "update"
[main c7461d6] update
 Committer: Lavanya Thangapandiyan <lavacon290@global.chainsys.com>
Your name and email address were configured automatically based
on your username and hostname. Please check that they are accurate.
You can suppress this message by setting them explicitly. Run the
following command and follow the instructions in your editor to edit
your configuration file:

    git config --global --edit

After doing this, you may fix the identity used for this commit with:

    git commit --amend --reset-author

 1 file changed, 1 deletion(-)
 delete mode 160000 fashion

C:\Users\lavacon290\eclipse-workspace\FashionFocus>git push https://github.com/LavanyaThangapandiyan/fashion-focus.git
Enumerating objects: 3, done.
Counting objects: 100% (3/3), done.
Delta compression using up to 8 threads
Compressing objects: 100% (2/2), done.
Writing objects: 100% (2/2), 238 bytes | 238.00 KiB/s, done.
Total 2 (delta 1), reused 0 (delta 0), pack-reused 0
remote: Resolving deltas: 100% (1/1), completed with 1 local object.
To https://github.com/LavanyaThangapandiyan/fashion-focus.git
   abbcc05..c7461d6  main -> main

C:\Users\lavacon290\eclipse-workspace\FashionFocus>git add .
warning: in the working copy of 'src/main/java/com/project/fashion/FashionApplication.java', LF will be replaced by CRLF the next time Git touches it
warning: in the working copy of 'src/main/resources/application.properties', LF will be replaced by CRLF the next time Git touches it
warning: in the working copy of 'src/test/java/com/project/fashion/FashionApplicationTests.java', LF will be replaced by CRLF the next time Git touches it

C:\Users\lavacon290\eclipse-workspace\FashionFocus>git add .

C:\Users\lavacon290\eclipse-workspace\FashionFocus>git status
On branch main
Your branch is ahead of 'origin/main' by 3 commits.
  (use "git push" to publish your local commits)

Changes to be committed:
  (use "git restore --staged <file>..." to unstage)
        modified:   src/main/java/com/project/fashion/controller/ProductController.java
        modified:   src/main/java/com/project/fashion/controller/RegisterController.java
        modified:   src/main/java/com/project/fashion/dao/ProductDao.java
        modified:   src/main/java/com/project/fashion/dao/RegisterDao.java
        modified:   src/main/java/com/project/fashion/mapper/ProductMapper.java
        new file:   src/main/java/com/project/fashion/mapper/ProductMapperAll.java
        modified:   src/main/java/com/project/fashion/mapper/UserMapper.java
        modified:   src/main/java/com/project/fashion/mapper/UserMapperSingle.java
        modified:   src/main/java/com/project/fashion/model/Product.java
        modified:   src/main/java/com/project/fashion/validation/Validation.java
        modified:   src/main/resources/application.properties
        new file:   src/main/resources/templates/allproduct.html
        new file:   src/main/resources/templates/cart.html
        new file:   src/main/resources/templates/forgot.html
        modified:   src/main/resources/templates/item.html
        modified:   src/main/resources/templates/list.html
        modified:   src/main/resources/templates/login.html
        modified:   src/main/resources/templates/product.html
        modified:   src/main/resources/templates/productlist.html
        modified:   src/main/resources/templates/register.html


C:\Users\lavacon290\eclipse-workspace\FashionFocus>git branch
* main

C:\Users\lavacon290\eclipse-workspace\FashionFocus>git commit -m "password mask"
[main 00489b5] password mask
 Committer: Lavanya Thangapandiyan <lavacon290@global.chainsys.com>
Your name and email address were configured automatically based
on your username and hostname. Please check that they are accurate.
You can suppress this message by setting them explicitly. Run the
following command and follow the instructions in your editor to edit
your configuration file:

    git config --global --edit

After doing this, you may fix the identity used for this commit with:

    git commit --amend --reset-author

 20 files changed, 841 insertions(+), 336 deletions(-)
 create mode 100644 src/main/java/com/project/fashion/mapper/ProductMapperAll.java
 create mode 100644 src/main/resources/templates/allproduct.html
 create mode 100644 src/main/resources/templates/cart.html
 create mode 100644 src/main/resources/templates/forgot.html

C:\Users\lavacon290\eclipse-workspace\FashionFocus>git push https://github.com/LavanyaThangapandiyan/fashion-focus.git
Enumerating objects: 63, done.
Counting objects: 100% (63/63), done.
Delta compression using up to 8 threads
Compressing objects: 100% (30/30), done.
Writing objects: 100% (34/34), 9.53 KiB | 1.91 MiB/s, done.
Total 34 (delta 15), reused 0 (delta 0), pack-reused 0
remote: Resolving deltas: 100% (15/15), completed with 14 local objects.
To https://github.com/LavanyaThangapandiyan/fashion-focus.git
   c7461d6..00489b5  main -> main

C:\Users\lavacon290\eclipse-workspace\FashionFocus>git push https://github.com/LavanyaThangapandiyan/fashion-focus.git